_hyphyAssociativeArray={};
_hyphyAssociativeArray["GI_5805286_GB_AF144305_1_INFLUENZA_A_VIRUS_A_GOOSE_GUANGDONG_1_96_H5N1_HEMAGGLUTININ_HA_GENE"] = 1996;
_hyphyAssociativeArray["GI_115343521_GB_DQ997087_1_INFLUENZA_A_VIRUS_A_CHICKEN_HUBEI_WF_2002_H5N1_HEMAGGLUTININ_HA_GENE"] = 2002;
_hyphyAssociativeArray["GI_115608030_GB_CY016787_1_INFLUENZA_A_VIRUS_A_CHICKEN_AFGHANISTAN_1207_2006_H5N1_SEGMENT_4"] = 2006;
_hyphyAssociativeArray["GI_133982943_GB_CY020621_1_INFLUENZA_A_VIRUS_A_CHICKEN_AFGHANISTAN_1573_47_2006_H5N1_SEGMENT_4"] = 2006;
_hyphyAssociativeArray["GI_133983049_GB_CY020629_1_INFLUENZA_A_VIRUS_A_CHICKEN_AFGHANISTAN_1573_65_2006_H5N1_SEGMENT_4"] = 2006;
_hyphyAssociativeArray["GI_133983148_GB_CY020637_1_INFLUENZA_A_VIRUS_A_CHICKEN_AFGHANISTAN_1573_92_2006_H5N1_SEGMENT_4"] = 2006;
_hyphyAssociativeArray["GI_134048315_GB_CY021373_1_INFLUENZA_A_VIRUS_A_CHICKEN_AFGHANISTAN_1573_7_2006_H5N1_SEGMENT_4"] = 2006;
_hyphyAssociativeArray["GI_13676824_GB_AF364334_1_AF364334_INFLUENZA_A_VIRUS_A_GOOSE_GUANGDONG_3_97_H5N1_SEGMENT_4_HEMAGGLUTININ_HA_GENE"] = 1997;
_hyphyAssociativeArray["GI_21359659_GB_AF468837_1_INFLUENZA_A_VIRUS_A_DUCK_ANYANG_AVL_1_2001_H5N1_HEMAGGLUTININ_H5_H5_GENE"] = 2001;
_hyphyAssociativeArray["GI_85062566_GB_DQ343151_1_INFLUENZA_A_VIRUS_A_CHICKEN_HEBEI_718_2001_H5N1_HEMAGGLUTININ_HA_GENE"] = 2001;
_hyphyAssociativeArray["GI_115526911_GB_DQ997513_1_INFLUENZA_A_VIRUS_A_DUCK_GUANGXI_XA_2001_H5N1_SEGMENT_4"] = 2001;
_hyphyAssociativeArray["GI_85062568_GB_DQ343152_1_INFLUENZA_A_VIRUS_A_CHICKEN_HEBEI_108_02_H5N1_HEMAGGLUTININ_HA_GENE"] = 2002;
_hyphyAssociativeArray["GI_115382881_GB_DQ997182_1_INFLUENZA_A_VIRUS_A_CHICKEN_JIANGSU_CZ1_2002_H5N1_SEGMENT_4"] = 2002;
_hyphyAssociativeArray["GI_115502972_GB_DQ997283_1_INFLUENZA_A_VIRUS_A_CHICKEN_JILIN_HD_2002_H5N1_SEGMENT_4"] = 2002;
_hyphyAssociativeArray["GI_115502990_GB_DQ997377_1_INFLUENZA_A_VIRUS_A_CHICKEN_JILIN_HF_2002_H5N1_SEGMENT_4"] = 2002;
_hyphyAssociativeArray["GI_115397012_GB_DQ997308_1_INFLUENZA_A_VIRUS_A_CHICKEN_JILIN_HH_2002_H5N1_HEMAGGLUTININ_HA_GENE"] = 2002;
_hyphyAssociativeArray["GI_116583103_GB_DQ997538_1_INFLUENZA_A_VIRUS_A_CHICKEN_JILIN_XV_2002_H5N1_HEMAGGLUTININ_HA_GENE"] = 2002;
_hyphyAssociativeArray["GI_115526951_GB_DQ997531_1_INFLUENZA_A_VIRUS_A_DUCK_SHANGHAI_XJ_2002_H5N1_SEGMENT_4"] = 2002;
_hyphyAssociativeArray["GI_115526968_GB_DQ997410_1_INFLUENZA_A_VIRUS_A_DUCK_ZHEJIANG_BJ_2002_H5N1_SEGMENT_4"] = 2002;
_hyphyAssociativeArray["GI_115343549_GB_DQ997102_1_INFLUENZA_A_VIRUS_A_CHICKEN_HUBEI_WH_1997_H5N1_HEMAGGLUTININ_HA_GENE"] = 1997;
_hyphyAssociativeArray["GI_115527004_GB_DQ997522_1_INFLUENZA_A_VIRUS_A_GOOSE_GUANGDONG_XB_2001_H5N1_SEGMENT_4"] = 2001;
_hyphyAssociativeArray["GI_115382807_GB_DQ997122_1_INFLUENZA_A_VIRUS_A_CHICKEN_HUBEI_WJ_1997_H5N1_SEGMENT_4"] = 1997;
_hyphyAssociativeArray["GI_115382830_GB_DQ997133_1_INFLUENZA_A_VIRUS_A_CHICKEN_HUBEI_WL_1997_H5N1_SEGMENT_4"] = 1997;
_hyphyAssociativeArray["GI_115502941_GB_DQ997156_1_INFLUENZA_A_VIRUS_A_CHICKEN_HUBEI_WO_2003_H5N1_SEGMENT_4"] = 2003;
_hyphyAssociativeArray["GI_115502957_GB_DQ997268_1_INFLUENZA_A_VIRUS_A_CHICKEN_JILIN_HA_2003_H5N1_SEGMENT_4"] = 2003;
_hyphyAssociativeArray["GI_115503009_GB_DQ997547_1_INFLUENZA_A_VIRUS_A_CHICKEN_JILIN_XW_2003_H5N1_SEGMENT_4"] = 2003;
_hyphyAssociativeArray["GI_41207462_GB_AY518362_1_INFLUENZA_A_VIRUS_A_DUCK_CHINA_E319_2_03_H5N1_HEMAGGLUTININ_SUBTYPE_H5_H5_GENE"] = 2003;
_hyphyAssociativeArray["GI_57916028_GB_AY737296_1_INFLUENZA_A_VIRUS_A_CHICKEN_GUANGDONG_178_04_H5N1_SEGMENT_4"] = 2004;
_hyphyAssociativeArray["GI_57915979_GB_AY737289_1_INFLUENZA_A_VIRUS_A_CHICKEN_GUANGDONG_191_04_H5N1_SEGMENT_4"] = 2004;
_hyphyAssociativeArray["GI_86753761_GB_DQ366330_1_INFLUENZA_A_VIRUS_A_CHICKEN_GUANGXI_12_2004_H5N1_HEMAGGLUTININ_MRNA"] = 2004;
_hyphyAssociativeArray["GI_57916076_GB_AY737304_1_INFLUENZA_A_VIRUS_A_DUCK_GUANGDONG_173_04_H5N1_SEGMENT_4"] = 2004;
_hyphyAssociativeArray["GI_86753763_GB_DQ366338_1_INFLUENZA_A_VIRUS_A_DUCK_GUANGXI_13_2004_H5N1_HEMAGGLUTININ_MRNA"] = 2004;
_hyphyAssociativeArray["GI_115526929_GB_DQ997163_1_INFLUENZA_A_VIRUS_A_DUCK_HUBEI_WP_2003_H5N1_SEGMENT_4"] = 2003;
_hyphyAssociativeArray["GI_116490085_GB_DQ997172_1_INFLUENZA_A_VIRUS_A_DUCK_HUBEI_WQ_2003_H5N1_SEGMENT_4"] = 2003;
_hyphyAssociativeArray["GI_115526992_GB_DQ997405_1_INFLUENZA_A_VIRUS_A_GOOSE_FUJIAN_BB_2003_H5N1_SEGMENT_4"] = 2003;
_hyphyAssociativeArray["GI_115527022_GB_DQ997276_1_INFLUENZA_A_VIRUS_A_GOOSE_JILIN_HB_2003_H5N1_SEGMENT_4"] = 2003;
_hyphyAssociativeArray["GI_47716772_GB_AY609312_1_INFLUENZA_A_VIRUS_A_CHICKEN_GUANGDONG_174_04_H5N1_SEGMENT_4"] = 2004;
_hyphyAssociativeArray["GI_61698017_GB_AY950232_1_INFLUENZA_A_VIRUS_A_CHICKEN_HENAN_12_2004_H5N1_SEGMENT_4"] = 2004;
_hyphyAssociativeArray["GI_61698019_GB_AY950233_1_INFLUENZA_A_VIRUS_A_CHICKEN_HENAN_13_2004_H5N1_SEGMENT_4"] = 2004;
_hyphyAssociativeArray["GI_61698021_GB_AY950234_1_INFLUENZA_A_VIRUS_A_CHICKEN_HENAN_16_2004_H5N1_SEGMENT_4"] = 2004;
_hyphyAssociativeArray["GI_61698015_GB_AY950231_1_INFLUENZA_A_VIRUS_A_CHICKEN_HENAN_210_2004_H5N1_SEGMENT_4"] = 2004;
_hyphyAssociativeArray["GI_115382756_GB_DQ997219_1_INFLUENZA_A_VIRUS_A_CHICKEN_HENAN_WU_2004_H5N1_HEMAGGLUTININ_HA_GENE"] = 2004;
_hyphyAssociativeArray["GI_50956627_GB_AY684706_1_INFLUENZA_A_VIRUS_A_CHICKEN_HUBEI_327_2004_H5N1_HEMAGGLUTININ_HA_GENE"] = 2004;
_hyphyAssociativeArray["GI_55233227_GB_AY770079_1_INFLUENZA_A_VIRUS_A_CHICKEN_HUBEI_489_2004_H5N1_HEMAGGLUTININ_HA_GENE"] = 2004;
_hyphyAssociativeArray["GI_50365728_GB_AY653200_1_INFLUENZA_A_VIRUS_A_CHICKEN_JILIN_9_2004_H5N1_SEGMENT_4"] = 2004;
_hyphyAssociativeArray["GI_115527053_GB_DQ997218_1_INFLUENZA_A_VIRUS_A_MALLARD_GUANGXI_WT_2004_H5N1_SEGMENT_4"] = 2004;
_hyphyAssociativeArray["GI_61698025_GB_AY950236_1_INFLUENZA_A_VIRUS_A_SWAN_GUANGXI_307_2004_H5N1_SEGMENT_4"] = 2004;
_hyphyAssociativeArray["GI_61698023_GB_AY950235_1_INFLUENZA_A_VIRUS_A_WILDDUCK_GUANGDONG_314_2004_H5N1_SEGMENT_4"] = 2004;
_hyphyAssociativeArray["GI_61698013_GB_AY950230_1_INFLUENZA_A_VIRUS_A_CHICKEN_HENAN_01_2004_H5N1_SEGMENT_4"] = 2004;
_hyphyAssociativeArray["GI_84797211_GB_DQ320914_1_INFLUENZA_A_VIRUS_A_DUCK_SHANTOU_4610_2003_H5N1_HEMAGGLUTININ_HA_GENE"] = 2003;
_hyphyAssociativeArray["GI_58374179_GB_AY854190_1_INFLUENZA_A_VIRUS_A_DUCK_SHANDONG_093_2004_H5N1_SEGMENT_4"] = 2004;
_hyphyAssociativeArray["GI_70955423_GB_DQ095614_1_INFLUENZA_A_VIRUS_A_GREAT_BLACK_HEADED_GULL_QINGHAI_2_05_H5N1_HEMAGGLUTININ_HA_GENE"] = 2005;
_hyphyAssociativeArray["GI_116271282_GB_DQ992822_1_INFLUENZA_A_VIRUS_A_CHICKEN_FUJIAN_10039_2005_H5N1_HEMAGGLUTININ_HA_GENE"] = 2005;
_hyphyAssociativeArray["GI_116271288_GB_DQ992825_1_INFLUENZA_A_VIRUS_A_DUCK_FUJIAN_10934_2005_H5N1_HEMAGGLUTININ_HA_GENE"] = 2005;
_hyphyAssociativeArray["GI_116271292_GB_DQ992827_1_INFLUENZA_A_VIRUS_A_DUCK_FUJIAN_11311_2005_H5N1_HEMAGGLUTININ_HA_GENE"] = 2005;
_hyphyAssociativeArray["GI_84797149_GB_DQ320883_1_INFLUENZA_A_VIRUS_A_DUCK_GUANGXI_1311_2004_H5N1_HEMAGGLUTININ_HA_GENE"] = 2004;
_hyphyAssociativeArray["GI_84797157_GB_DQ320887_1_INFLUENZA_A_VIRUS_A_DUCK_GUANGXI_1793_2004_H5N1_HEMAGGLUTININ_HA_GENE"] = 2004;
_hyphyAssociativeArray["GI_84797161_GB_DQ320889_1_INFLUENZA_A_VIRUS_A_GOOSE_GUANGXI_2112_2004_H5N1_HEMAGGLUTININ_HA_GENE"] = 2004;
_hyphyAssociativeArray["GI_91984128_GB_DQ095621_2_INFLUENZA_A_VIRUS_A_BAR_HEADED_GOOSE_QINGHAI_12_05_H5N1_HEMAGGLUTININ_HA_GENE"] = 2005;
_hyphyAssociativeArray["GI_91984124_GB_DQ095617_2_INFLUENZA_A_VIRUS_A_BAR_HEADED_GOOSE_QINGHAI_5_05_H5N1_HEMAGGLUTININ_HA_GENE"] = 2005;
_hyphyAssociativeArray["GI_91984117_GB_DQ095612_2_INFLUENZA_A_VIRUS_A_BAR_HEADED_GOOSE_QINGHAI_59_05_H5N1_HEMAGGLUTININ_HA_GENE"] = 2005;
_hyphyAssociativeArray["GI_70955425_GB_DQ095615_1_INFLUENZA_A_VIRUS_A_BAR_HEADED_GOOSE_QINGHAI_60_05_H5N1_HEMAGGLUTININ_HA_GENE"] = 2005;
_hyphyAssociativeArray["GI_91984126_GB_DQ095618_2_INFLUENZA_A_VIRUS_A_BAR_HEADED_GOOSE_QINGHAI_61_05_H5N1_HEMAGGLUTININ_HA_GENE"] = 2005;
_hyphyAssociativeArray["GI_70955431_GB_DQ095620_1_INFLUENZA_A_VIRUS_A_BAR_HEADED_GOOSE_QINGHAI_62_05_H5N1_HEMAGGLUTININ_HA_GENE"] = 2005;
_hyphyAssociativeArray["GI_70955434_GB_DQ095622_1_INFLUENZA_A_VIRUS_A_BAR_HEADED_GOOSE_QINGHAI_65_05_H5N1_HEMAGGLUTININ_HA_GENE"] = 2005;
_hyphyAssociativeArray["GI_70955436_GB_DQ095623_1_INFLUENZA_A_VIRUS_A_BAR_HEADED_GOOSE_QINGHAI_67_05_H5N1_HEMAGGLUTININ_HA_GENE"] = 2005;
_hyphyAssociativeArray["GI_91984119_GB_DQ095613_2_INFLUENZA_A_VIRUS_A_BAR_HEADED_GOOSE_QINGHAI_68_05_H5N1_HEMAGGLUTININ_HA_GENE"] = 2005;
_hyphyAssociativeArray["GI_70955429_GB_DQ095619_1_INFLUENZA_A_VIRUS_A_BAR_HEADED_GOOSE_QINGHAI_75_05_H5N1_HEMAGGLUTININ_HA_GENE"] = 2005;
_hyphyAssociativeArray["GI_91984122_GB_DQ095616_2_INFLUENZA_A_VIRUS_A_BROWN_HEADED_GULL_QINGHAI_3_05_H5N1_HEMAGGLUTININ_HA_GENE"] = 2005;
_hyphyAssociativeArray["GI_75911269_GB_DQ137873_1_INFLUENZA_A_VIRUS_A_BAR_HEADED_GOOSE_QINGHAI_0510_05_H5N1_HEMAGGLUTININ_HA_GENE"] = 2005;
_hyphyAssociativeArray["GI_84797135_GB_DQ320876_1_INFLUENZA_A_VIRUS_A_CHICKEN_FUJIAN_1042_2005_H5N1_HEMAGGLUTININ_HA_GENE"] = 2005;
_hyphyAssociativeArray["GI_116271294_GB_DQ992828_1_INFLUENZA_A_VIRUS_A_CHICKEN_FUJIAN_11933_2005_H5N1_HEMAGGLUTININ_HA_GENE"] = 2005;
_hyphyAssociativeArray["GI_116271298_GB_DQ992830_1_INFLUENZA_A_VIRUS_A_CHICKEN_FUJIAN_12239_2005_H5N1_HEMAGGLUTININ_HA_GENE"] = 2005;
_hyphyAssociativeArray["GI_116271280_GB_DQ992821_1_INFLUENZA_A_VIRUS_A_CHICKEN_FUJIAN_9821_2005_H5N1_HEMAGGLUTININ_HA_GENE"] = 2005;
_hyphyAssociativeArray["GI_116271074_GB_DQ992718_1_INFLUENZA_A_VIRUS_A_CHICKEN_GUANGXI_3154_2005_H5N1_HEMAGGLUTININ_HA_GENE"] = 2005;
_hyphyAssociativeArray["GI_116271086_GB_DQ992724_1_INFLUENZA_A_VIRUS_A_CHICKEN_GUANGXI_3791_2005_H5N1_HEMAGGLUTININ_HA_GENE"] = 2005;
_hyphyAssociativeArray["GI_116271106_GB_DQ992734_1_INFLUENZA_A_VIRUS_A_CHICKEN_GUANGXI_4989_2005_H5N1_HEMAGGLUTININ_HA_GENE"] = 2005;
_hyphyAssociativeArray["GI_84797179_GB_DQ320898_1_INFLUENZA_A_VIRUS_A_CHICKEN_GUANGXI_604_2005_H5N1_HEMAGGLUTININ_HA_GENE"] = 2005;
_hyphyAssociativeArray["GI_116271140_GB_DQ992751_1_INFLUENZA_A_VIRUS_A_CHICKEN_GUIYANG_2147_2005_H5N1_HEMAGGLUTININ_HA_GENE"] = 2005;
_hyphyAssociativeArray["GI_116271142_GB_DQ992752_1_INFLUENZA_A_VIRUS_A_CHICKEN_GUIYANG_2173_2005_H5N1_HEMAGGLUTININ_HA_GENE"] = 2005;
_hyphyAssociativeArray["GI_116271148_GB_DQ992755_1_INFLUENZA_A_VIRUS_A_CHICKEN_GUIYANG_3055_2005_H5N1_HEMAGGLUTININ_HA_GENE"] = 2005;
_hyphyAssociativeArray["GI_116271154_GB_DQ992758_1_INFLUENZA_A_VIRUS_A_CHICKEN_GUIYANG_3570_2005_H5N1_HEMAGGLUTININ_HA_GENE"] = 2005;
_hyphyAssociativeArray["GI_116271156_GB_DQ992759_1_INFLUENZA_A_VIRUS_A_CHICKEN_GUIYANG_3721_2005_H5N1_HEMAGGLUTININ_HA_GENE"] = 2005;
_hyphyAssociativeArray["GI_116271162_GB_DQ992762_1_INFLUENZA_A_VIRUS_A_CHICKEN_GUIYANG_4059_2005_H5N1_HEMAGGLUTININ_HA_GENE"] = 2005;
_hyphyAssociativeArray["GI_85062564_GB_DQ343150_1_INFLUENZA_A_VIRUS_A_CHICKEN_HEBEI_326_2005_H5N1_HEMAGGLUTININ_HA_GENE"] = 2005;
_hyphyAssociativeArray["GI_84797203_GB_DQ320910_1_INFLUENZA_A_VIRUS_A_CHICKEN_HUNAN_999_2005_H5N1_HEMAGGLUTININ_HA_GENE"] = 2005;
_hyphyAssociativeArray["GI_116271290_GB_DQ992826_1_INFLUENZA_A_VIRUS_A_DUCK_FUJIAN_11094_2005_H5N1_HEMAGGLUTININ_HA_GENE"] = 2005;
_hyphyAssociativeArray["GI_116271296_GB_DQ992829_1_INFLUENZA_A_VIRUS_A_DUCK_FUJIAN_12032_2005_H5N1_HEMAGGLUTININ_HA_GENE"] = 2005;
_hyphyAssociativeArray["GI_116271276_GB_DQ992819_1_INFLUENZA_A_VIRUS_A_DUCK_FUJIAN_9651_2005_H5N1_HEMAGGLUTININ_HA_GENE"] = 2005;
_hyphyAssociativeArray["GI_116271278_GB_DQ992820_1_INFLUENZA_A_VIRUS_A_DUCK_FUJIAN_9713_2005_H5N1_HEMAGGLUTININ_HA_GENE"] = 2005;
_hyphyAssociativeArray["GI_116271072_GB_DQ992717_1_INFLUENZA_A_VIRUS_A_DUCK_GUANGXI_3085_2005_H5N1_HEMAGGLUTININ_HA_GENE"] = 2005;
_hyphyAssociativeArray["GI_116271078_GB_DQ992720_1_INFLUENZA_A_VIRUS_A_DUCK_GUANGXI_3364_2005_H5N1_HEMAGGLUTININ_HA_GENE"] = 2005;
_hyphyAssociativeArray["GI_116271080_GB_DQ992721_1_INFLUENZA_A_VIRUS_A_DUCK_GUANGXI_3548_2005_H5N1_HEMAGGLUTININ_HA_GENE"] = 2005;
_hyphyAssociativeArray["GI_116271084_GB_DQ992723_1_INFLUENZA_A_VIRUS_A_DUCK_GUANGXI_3741_2005_H5N1_HEMAGGLUTININ_HA_GENE"] = 2005;
_hyphyAssociativeArray["GI_116271088_GB_DQ992725_1_INFLUENZA_A_VIRUS_A_DUCK_GUANGXI_3819_2005_H5N1_HEMAGGLUTININ_HA_GENE"] = 2005;
_hyphyAssociativeArray["GI_116271090_GB_DQ992726_1_INFLUENZA_A_VIRUS_A_DUCK_GUANGXI_4016_2005_H5N1_HEMAGGLUTININ_HA_GENE"] = 2005;
_hyphyAssociativeArray["GI_116271092_GB_DQ992727_1_INFLUENZA_A_VIRUS_A_DUCK_GUANGXI_4184_2005_H5N1_HEMAGGLUTININ_HA_GENE"] = 2005;
_hyphyAssociativeArray["GI_116271094_GB_DQ992728_1_INFLUENZA_A_VIRUS_A_DUCK_GUANGXI_4196_2005_H5N1_HEMAGGLUTININ_HA_GENE"] = 2005;
_hyphyAssociativeArray["GI_116271098_GB_DQ992730_1_INFLUENZA_A_VIRUS_A_DUCK_GUANGXI_4428_2005_H5N1_HEMAGGLUTININ_HA_GENE"] = 2005;
_hyphyAssociativeArray["GI_116271102_GB_DQ992732_1_INFLUENZA_A_VIRUS_A_DUCK_GUANGXI_4665_2005_H5N1_HEMAGGLUTININ_HA_GENE"] = 2005;
_hyphyAssociativeArray["GI_116271104_GB_DQ992733_1_INFLUENZA_A_VIRUS_A_DUCK_GUANGXI_4830_2005_H5N1_HEMAGGLUTININ_HA_GENE"] = 2005;
_hyphyAssociativeArray["GI_116271110_GB_DQ992736_1_INFLUENZA_A_VIRUS_A_DUCK_GUANGXI_5165_2005_H5N1_HEMAGGLUTININ_HA_GENE"] = 2005;
_hyphyAssociativeArray["GI_116271112_GB_DQ992737_1_INFLUENZA_A_VIRUS_A_DUCK_GUANGXI_5270_2005_H5N1_HEMAGGLUTININ_HA_GENE"] = 2005;
_hyphyAssociativeArray["GI_116271116_GB_DQ992739_1_INFLUENZA_A_VIRUS_A_DUCK_GUANGXI_5457_2005_H5N1_HEMAGGLUTININ_HA_GENE"] = 2005;
_hyphyAssociativeArray["GI_84797181_GB_DQ320899_1_INFLUENZA_A_VIRUS_A_DUCK_GUANGXI_793_2005_H5N1_HEMAGGLUTININ_HA_GENE"] = 2005;
_hyphyAssociativeArray["GI_84797183_GB_DQ320900_1_INFLUENZA_A_VIRUS_A_DUCK_GUANGXI_951_2005_H5N1_HEMAGGLUTININ_HA_GENE"] = 2005;
_hyphyAssociativeArray["GI_116271150_GB_DQ992756_1_INFLUENZA_A_VIRUS_A_DUCK_GUIYANG_3242_2005_H5N1_HEMAGGLUTININ_HA_GENE"] = 2005;
_hyphyAssociativeArray["GI_116271158_GB_DQ992760_1_INFLUENZA_A_VIRUS_A_DUCK_GUIYANG_3834_2005_H5N1_HEMAGGLUTININ_HA_GENE"] = 2005;
_hyphyAssociativeArray["GI_116271160_GB_DQ992761_1_INFLUENZA_A_VIRUS_A_DUCK_GUIYANG_3996_2005_H5N1_HEMAGGLUTININ_HA_GENE"] = 2005;
_hyphyAssociativeArray["GI_84797205_GB_DQ320911_1_INFLUENZA_A_VIRUS_A_DUCK_HUNAN_1265_2005_H5N1_HEMAGGLUTININ_HA_GENE"] = 2005;
_hyphyAssociativeArray["GI_84797207_GB_DQ320912_1_INFLUENZA_A_VIRUS_A_DUCK_HUNAN_1608_2005_H5N1_HEMAGGLUTININ_HA_GENE"] = 2005;
_hyphyAssociativeArray["GI_84797209_GB_DQ320913_1_INFLUENZA_A_VIRUS_A_DUCK_HUNAN_1652_2005_H5N1_HEMAGGLUTININ_HA_GENE"] = 2005;
_hyphyAssociativeArray["GI_116271212_GB_DQ992787_1_INFLUENZA_A_VIRUS_A_DUCK_HUNAN_5106_2005_H5N1_HEMAGGLUTININ_HA_GENE"] = 2005;
_hyphyAssociativeArray["GI_116271214_GB_DQ992788_1_INFLUENZA_A_VIRUS_A_DUCK_HUNAN_5152_2005_H5N1_HEMAGGLUTININ_HA_GENE"] = 2005;
_hyphyAssociativeArray["GI_116271190_GB_DQ992776_1_INFLUENZA_A_VIRUS_A_DUCK_SHANTOU_13323_2005_H5N1_HEMAGGLUTININ_HA_GENE"] = 2005;
_hyphyAssociativeArray["GI_116271236_GB_DQ992799_1_INFLUENZA_A_VIRUS_A_DUCK_YUNNAN_4589_2005_H5N1_HEMAGGLUTININ_HA_GENE"] = 2005;
_hyphyAssociativeArray["GI_116271244_GB_DQ992803_1_INFLUENZA_A_VIRUS_A_DUCK_YUNNAN_5251_2005_H5N1_HEMAGGLUTININ_HA_GENE"] = 2005;
_hyphyAssociativeArray["GI_116271070_GB_DQ992716_1_INFLUENZA_A_VIRUS_A_GOOSE_GUANGXI_3017_2005_H5N1_HEMAGGLUTININ_HA_GENE"] = 2005;
_hyphyAssociativeArray["GI_116271076_GB_DQ992719_1_INFLUENZA_A_VIRUS_A_GOOSE_GUANGXI_3316_2005_H5N1_HEMAGGLUTININ_HA_GENE"] = 2005;
_hyphyAssociativeArray["GI_84797175_GB_DQ320896_1_INFLUENZA_A_VIRUS_A_GOOSE_GUANGXI_345_2005_H5N1_HEMAGGLUTININ_HA_GENE"] = 2005;
_hyphyAssociativeArray["GI_116271096_GB_DQ992729_1_INFLUENZA_A_VIRUS_A_GOOSE_GUANGXI_4289_2005_H5N1_HEMAGGLUTININ_HA_GENE"] = 2005;
_hyphyAssociativeArray["GI_116271100_GB_DQ992731_1_INFLUENZA_A_VIRUS_A_GOOSE_GUANGXI_4513_2005_H5N1_HEMAGGLUTININ_HA_GENE"] = 2005;
_hyphyAssociativeArray["GI_116271114_GB_DQ992738_1_INFLUENZA_A_VIRUS_A_GOOSE_GUANGXI_5414_2005_H5N1_HEMAGGLUTININ_HA_GENE"] = 2005;
_hyphyAssociativeArray["GI_116271230_GB_DQ992796_1_INFLUENZA_A_VIRUS_A_GOOSE_YUNNAN_4129_2005_H5N1_HEMAGGLUTININ_HA_GENE"] = 2005;
_hyphyAssociativeArray["GI_116271234_GB_DQ992798_1_INFLUENZA_A_VIRUS_A_GOOSE_YUNNAN_4494_2005_H5N1_HEMAGGLUTININ_HA_GENE"] = 2005;
_hyphyAssociativeArray["GI_116271238_GB_DQ992800_1_INFLUENZA_A_VIRUS_A_GOOSE_YUNNAN_4804_2005_H5N1_HEMAGGLUTININ_HA_GENE"] = 2005;
_hyphyAssociativeArray["GI_84797225_GB_DQ320921_1_INFLUENZA_A_VIRUS_A_MIGRATORY_DUCK_JIANGXI_2300_2005_H5N1_HEMAGGLUTININ_HA_GENE"] = 2005;
_hyphyAssociativeArray["GI_116271170_GB_DQ992766_1_INFLUENZA_A_VIRUS_A_CHICKEN_GUIYANG_441_2006_H5N1_HEMAGGLUTININ_HA_GENE"] = 2006;
_hyphyAssociativeArray["GI_84797133_GB_DQ320875_1_INFLUENZA_A_VIRUS_A_DUCK_FUJIAN_897_2005_H5N1_HEMAGGLUTININ_HA_GENE"] = 2005;
_hyphyAssociativeArray["GI_116271066_GB_DQ992714_1_INFLUENZA_A_VIRUS_A_DUCK_GUANGXI_2775_2005_H5N1_HEMAGGLUTININ_HA_GENE"] = 2005;
_hyphyAssociativeArray["GI_84797185_GB_DQ320901_1_INFLUENZA_A_VIRUS_A_DUCK_GUANGZHOU_20_2005_H5N1_HEMAGGLUTININ_HA_GENE"] = 2005;
_hyphyAssociativeArray["GI_116271242_GB_DQ992802_1_INFLUENZA_A_VIRUS_A_DUCK_YUNNAN_5236_2005_H5N1_HEMAGGLUTININ_HA_GENE"] = 2005;
_hyphyAssociativeArray["GI_116271226_GB_DQ992794_1_INFLUENZA_A_VIRUS_A_GOOSE_YUNNAN_3315_2005_H5N1_HEMAGGLUTININ_HA_GENE"] = 2005;
_hyphyAssociativeArray["GI_117414797_GB_DQ914814_1_INFLUENZA_A_VIRUS_A_CHICKEN_SHANXI_2_2006_H5N1_SEGMENT_4"] = 2006;
_hyphyAssociativeArray["GI_116271198_GB_DQ992780_1_INFLUENZA_A_VIRUS_A_GUINEA_FOWL_SHANTOU_1341_2006_H5N1_HEMAGGLUTININ_HA_GENE"] = 2006;
_hyphyAssociativeArray["GI_116271144_GB_DQ992753_1_INFLUENZA_A_VIRUS_A_DUCK_GUIYANG_2231_2005_H5N1_HEMAGGLUTININ_HA_GENE"] = 2005;
_hyphyAssociativeArray["GI_84797213_GB_DQ320915_1_INFLUENZA_A_VIRUS_A_GOOSE_SHANTOU_2216_2005_H5N1_HEMAGGLUTININ_HA_GENE"] = 2005;
_hyphyAssociativeArray["GI_84797177_GB_DQ320897_1_INFLUENZA_A_VIRUS_A_QUAIL_GUANGXI_575_2005_H5N1_HEMAGGLUTININ_HA_GENE"] = 2005;
_hyphyAssociativeArray["GI_116271300_GB_DQ992831_1_INFLUENZA_A_VIRUS_A_CHICKEN_FUJIAN_584_2006_H5N1_HEMAGGLUTININ_HA_GENE"] = 2006;
_hyphyAssociativeArray["GI_116271690_GB_DQ993026_1_INFLUENZA_A_VIRUS_A_CHICKEN_GUANGXI_1951_2006_H5N1_HEMAGGLUTININ_HA_GENE"] = 2006;
_hyphyAssociativeArray["GI_116271128_GB_DQ992745_1_INFLUENZA_A_VIRUS_A_CHICKEN_GUANGXI_463_2006_H5N1_HEMAGGLUTININ_HA_GENE"] = 2006;
_hyphyAssociativeArray["GI_116271164_GB_DQ992763_1_INFLUENZA_A_VIRUS_A_CHICKEN_GUIYANG_29_2006_H5N1_HEMAGGLUTININ_HA_GENE"] = 2006;
_hyphyAssociativeArray["GI_116271196_GB_DQ992779_1_INFLUENZA_A_VIRUS_A_CHICKEN_SHANTOU_1233_2006_H5N1_HEMAGGLUTININ_HA_GENE"] = 2006;
_hyphyAssociativeArray["GI_116271208_GB_DQ992785_1_INFLUENZA_A_VIRUS_A_CHICKEN_SHANTOU_3840_2006_H5N1_HEMAGGLUTININ_HA_GENE"] = 2006;
_hyphyAssociativeArray["GI_116271210_GB_DQ992786_1_INFLUENZA_A_VIRUS_A_CHICKEN_SHANTOU_3923_2006_H5N1_HEMAGGLUTININ_HA_GENE"] = 2006;
_hyphyAssociativeArray["GI_116271302_GB_DQ992832_1_INFLUENZA_A_VIRUS_A_DUCK_FUJIAN_668_2006_H5N1_HEMAGGLUTININ_HA_GENE"] = 2006;
_hyphyAssociativeArray["GI_116271304_GB_DQ992833_1_INFLUENZA_A_VIRUS_A_DUCK_FUJIAN_671_2006_H5N1_HEMAGGLUTININ_HA_GENE"] = 2006;
_hyphyAssociativeArray["GI_116271122_GB_DQ992742_1_INFLUENZA_A_VIRUS_A_DUCK_GUANGXI_150_2006_H5N1_HEMAGGLUTININ_HA_GENE"] = 2006;
_hyphyAssociativeArray["GI_116271684_GB_DQ993023_1_INFLUENZA_A_VIRUS_A_DUCK_GUANGXI_1830_2006_H5N1_HEMAGGLUTININ_HA_GENE"] = 2006;
_hyphyAssociativeArray["GI_116271682_GB_DQ993022_1_INFLUENZA_A_VIRUS_A_DUCK_GUANGXI_2143_2006_H5N1_HEMAGGLUTININ_HA_GENE"] = 2006;
_hyphyAssociativeArray["GI_116271120_GB_DQ992741_1_INFLUENZA_A_VIRUS_A_DUCK_GUANGXI_89_2006_H5N1_HEMAGGLUTININ_HA_GENE"] = 2006;
_hyphyAssociativeArray["GI_116271166_GB_DQ992764_1_INFLUENZA_A_VIRUS_A_DUCK_GUIYANG_293_2006_H5N1_HEMAGGLUTININ_HA_GENE"] = 2006;
_hyphyAssociativeArray["GI_116271172_GB_DQ992767_1_INFLUENZA_A_VIRUS_A_DUCK_GUIYANG_497_2006_H5N1_HEMAGGLUTININ_HA_GENE"] = 2006;
_hyphyAssociativeArray["GI_116271126_GB_DQ992744_1_INFLUENZA_A_VIRUS_A_DUCK_GUANGXI_288_2006_H5N1_HEMAGGLUTININ_HA_GENE"] = 2006;
_hyphyAssociativeArray["GI_116271152_GB_DQ992757_1_INFLUENZA_A_VIRUS_A_GOOSE_GUIYANG_3422_2005_H5N1_HEMAGGLUTININ_HA_GENE"] = 2005;
_hyphyAssociativeArray["GI_116271254_GB_DQ992808_1_INFLUENZA_A_VIRUS_A_GOOSE_YUNNAN_6027_2005_H5N1_HEMAGGLUTININ_HA_GENE"] = 2005;
_hyphyAssociativeArray["GI_116271252_GB_DQ992807_1_INFLUENZA_A_VIRUS_A_DUCK_YUNNAN_5877_2005_H5N1_HEMAGGLUTININ_HA_GENE"] = 2005;
_hyphyAssociativeArray["GI_116271130_GB_DQ992746_1_INFLUENZA_A_VIRUS_A_DUCK_GUANGXI_392_2006_H5N1_HEMAGGLUTININ_HA_GENE"] = 2006;
_hyphyAssociativeArray["GI_116271136_GB_DQ992749_1_INFLUENZA_A_VIRUS_A_DUCK_GUANGXI_744_2006_H5N1_HEMAGGLUTININ_HA_GENE"] = 2006;
_hyphyAssociativeArray["GI_116271138_GB_DQ992750_1_INFLUENZA_A_VIRUS_A_DUCK_GUANGXI_804_2006_H5N1_HEMAGGLUTININ_HA_GENE"] = 2006;
_hyphyAssociativeArray["GI_116271218_GB_DQ992790_1_INFLUENZA_A_VIRUS_A_DUCK_HUNAN_324_2006_H5N1_HEMAGGLUTININ_HA_GENE"] = 2006;
_hyphyAssociativeArray["GI_116271220_GB_DQ992791_1_INFLUENZA_A_VIRUS_A_DUCK_HUNAN_344_2006_H5N1_HEMAGGLUTININ_HA_GENE"] = 2006;
_hyphyAssociativeArray["GI_116271222_GB_DQ992792_1_INFLUENZA_A_VIRUS_A_DUCK_HUNAN_856_2006_H5N1_HEMAGGLUTININ_HA_GENE"] = 2006;
_hyphyAssociativeArray["GI_116271692_GB_DQ993027_1_INFLUENZA_A_VIRUS_A_GOOSE_GUANGXI_1458_2006_H5N1_HEMAGGLUTININ_HA_GENE"] = 2006;
_hyphyAssociativeArray["GI_116271688_GB_DQ993025_1_INFLUENZA_A_VIRUS_A_GOOSE_GUANGXI_1633_2006_H5N1_HEMAGGLUTININ_HA_GENE"] = 2006;
_hyphyAssociativeArray["GI_116271686_GB_DQ993024_1_INFLUENZA_A_VIRUS_A_GOOSE_GUANGXI_1898_2006_H5N1_HEMAGGLUTININ_HA_GENE"] = 2006;
_hyphyAssociativeArray["GI_116271124_GB_DQ992743_1_INFLUENZA_A_VIRUS_A_GOOSE_GUANGXI_224_2006_H5N1_HEMAGGLUTININ_HA_GENE"] = 2006;
_hyphyAssociativeArray["GI_116271872_GB_DQ993117_1_INFLUENZA_A_VIRUS_A_GOOSE_GUANGXI_532_2006_H5N1_HEMAGGLUTININ_HA_GENE"] = 2006;
_hyphyAssociativeArray["GI_116271168_GB_DQ992765_1_INFLUENZA_A_VIRUS_A_GOOSE_GUIYANG_337_2006_H5N1_HEMAGGLUTININ_HA_GENE"] = 2006;
_hyphyAssociativeArray["GI_116271200_GB_DQ992781_1_INFLUENZA_A_VIRUS_A_GOOSE_SHANTOU_2086_2006_H5N1_HEMAGGLUTININ_HA_GENE"] = 2006;
_hyphyAssociativeArray["GI_116271194_GB_DQ992778_1_INFLUENZA_A_VIRUS_A_GOOSE_SHANTOU_239_2006_H5N1_HEMAGGLUTININ_HA_GENE"] = 2006;
_hyphyAssociativeArray["GI_116271204_GB_DQ992783_1_INFLUENZA_A_VIRUS_A_GOOSE_SHANTOU_3265_2006_H5N1_HEMAGGLUTININ_HA_GENE"] = 2006;
_hyphyAssociativeArray["GI_116271206_GB_DQ992784_1_INFLUENZA_A_VIRUS_A_GOOSE_SHANTOU_3295_2006_H5N1_HEMAGGLUTININ_HA_GENE"] = 2006;
_hyphyAssociativeArray["GI_116271224_GB_DQ992793_1_INFLUENZA_A_VIRUS_A_DUCK_HUNAN_988_2006_H5N1_HEMAGGLUTININ_HA_GENE"] = 2006;
_hyphyAssociativeArray["GI_116271132_GB_DQ992747_1_INFLUENZA_A_VIRUS_A_GOOSE_GUANGXI_582_2006_H5N1_HEMAGGLUTININ_HA_GENE"] = 2006;
_hyphyAssociativeArray["GI_116271202_GB_DQ992782_1_INFLUENZA_A_VIRUS_A_PHEASANT_SHANTOU_2239_2006_H5N1_HEMAGGLUTININ_HA_GENE"] = 2006;
_hyphyAssociativeArray["GI_4240437_GB_AF082035_1_INFLUENZA_A_VIRUS_A_CHICKEN_HONG_KONG_786_97_H5N1_HEMAGGLUTININ_H5_MRNA"] = 1997;
_hyphyAssociativeArray["GI_3068720_GB_AF057291_1_AF057291_INFLUENZA_A_VIRUS_A_CHICKEN_HONG_KONG_258_97_H5N1_HEMAGGLUTININ_MRNA"] = 1997;
_hyphyAssociativeArray["GI_6048756_GB_AF098543_1_AF098543_INFLUENZA_A_VIRUS_A_DUCK_HONG_KONG_P46_97_H5N1_HEMAGGLUTININ_GENE"] = 1997;
_hyphyAssociativeArray["GI_6048760_GB_AF098545_1_AF098545_INFLUENZA_A_VIRUS_A_GOOSE_HONG_KONG_W355_97_H5N1_HEMAGGLUTININ_GENE"] = 1997;
_hyphyAssociativeArray["GI_4240435_GB_AF082034_1_INFLUENZA_A_VIRUS_A_CHICKEN_HONG_KONG_728_97_H5N1_HEMAGGLUTININ_H5_MRNA"] = 1997;
_hyphyAssociativeArray["GI_9863931_GB_AF216737_1_AF216737_INFLUENZA_A_VIRUS_A_ENVIRONMENT_HONG_KONG_437_10_99_H5N1_HEMAGGLUTININ_5_GENE"] = 1999;
_hyphyAssociativeArray["GI_9863876_GB_AF216713_1_AF216713_INFLUENZA_A_VIRUS_A_ENVIRONMENT_HONG_KONG_437_4_99_H5N1_HEMAGGLUTININ_5_GENE"] = 1999;
_hyphyAssociativeArray["GI_9863895_GB_AF216721_1_AF216721_INFLUENZA_A_VIRUS_A_ENVIRONMENT_HONG_KONG_437_6_99_H5N1_HEMAGGLUTININ_5_GENE"] = 1999;
_hyphyAssociativeArray["GI_9863913_GB_AF216729_1_AF216729_INFLUENZA_A_VIRUS_A_ENVIRONMENT_HONG_KONG_437_8_99_H5N1_HEMAGGLUTININ_5_GENE"] = 1999;
_hyphyAssociativeArray["GI_19697771_GB_AY059481_1_INFLUENZA_A_VIRUS_A_DUCK_HONG_KONG_2986_1_2000_H5N1_SEGMENT_4_HEMAGGLUTININ_HA_GENE"] = 2000;
_hyphyAssociativeArray["GI_19697773_GB_AY059482_1_INFLUENZA_A_VIRUS_A_GOOSE_HONG_KONG_3014_8_2000_H5N1_SEGMENT_4_HEMAGGLUTININ_HA_GENE"] = 2000;
_hyphyAssociativeArray["GI_19697757_GB_AY059474_1_INFLUENZA_A_VIRUS_A_GOOSE_HONG_KONG_WW26_2000_H5N1_SEGMENT_4_HEMAGGLUTININ_HA_GENE"] = 2000;
_hyphyAssociativeArray["GI_19697759_GB_AY059475_1_INFLUENZA_A_VIRUS_A_GOOSE_HONG_KONG_WW28_2000_H5N1_SEGMENT_4_HEMAGGLUTININ_HA_GENE"] = 2000;
_hyphyAssociativeArray["GI_28807565_GB_AY221524_1_INFLUENZA_A_VIRUS_A_CHICKEN_HONGKONG_FY150_01_H5N1_HEMAGGLUTININ_HA_GENE"] = 2001;
_hyphyAssociativeArray["GI_28807284_GB_AY221523_1_INFLUENZA_A_VIRUS_A_CHICKEN_HONGKONG_FY150_01_MB_H5N1_HEMAGGLUTININ_HA_GENE"] = 2001;
_hyphyAssociativeArray["GI_28806384_GB_AY221522_1_INFLUENZA_A_VIRUS_A_CHICKEN_HONGKONG_NT873_3_01_H5N1_HEMAGGLUTININ_HA_GENE"] = 2001;
_hyphyAssociativeArray["GI_28805557_GB_AY221521_1_INFLUENZA_A_VIRUS_A_CHICKEN_HONGKONG_NT873_3_01_MB_H5N1_HEMAGGLUTININ_HA_GENE"] = 2001;
_hyphyAssociativeArray["GI_28810752_GB_AY221529_1_INFLUENZA_A_VIRUS_A_CHICKEN_HONGKONG_YU562_01_H5N1_HEMAGGLUTININ_HA_GENE"] = 2001;
_hyphyAssociativeArray["GI_28810155_GB_AY221528_1_INFLUENZA_A_VIRUS_A_CHICKEN_HONGKONG_YU822_2_01_H5N1_HEMAGGLUTININ_HA_GENE"] = 2001;
_hyphyAssociativeArray["GI_28809438_GB_AY221527_1_INFLUENZA_A_VIRUS_A_CHICKEN_HONGKONG_YU822_2_01_MB_H5N1_HEMAGGLUTININ_HA_GENE"] = 2001;
_hyphyAssociativeArray["GI_28808108_GB_AY221525_1_INFLUENZA_A_VIRUS_A_PHEASANT_HONGKONG_FY155_01_MB_H5N1_HEMAGGLUTININ_HA_GENE"] = 2001;
_hyphyAssociativeArray["GI_28808463_GB_AY221526_1_INFLUENZA_A_VIRUS_A_PHEASANT_HONGKONG_FY155_01_H5N1_HEMAGGLUTININ_HA_GENE"] = 2001;
_hyphyAssociativeArray["GI_56548873_GB_AY676034_1_INFLUENZA_A_VIRUS_A_EGRET_HONG_KONG_757_2_03_H5N1_HEMAGGLUTININ_HA_GENE"] = 2003;
_hyphyAssociativeArray["GI_50296108_GB_AY651362_1_INFLUENZA_A_VIRUS_A_PEREGRINE_FALCON_HK_D0028_2004_H5N1_HEMAGGLUTININ_HA_GENE"] = 2004;
_hyphyAssociativeArray["GI_116271322_GB_DQ992842_1_INFLUENZA_A_VIRUS_A_JAPANESE_WHITE_EYE_HONG_KONG_1038_2006_H5N1_HEMAGGLUTININ_HA_GENE"] = 2006;
_hyphyAssociativeArray["GI_116271310_GB_DQ992836_1_INFLUENZA_A_VIRUS_A_CHICKEN_HONG_KONG_282_2006_H5N1_HEMAGGLUTININ_HA_GENE"] = 2006;
_hyphyAssociativeArray["GI_116271320_GB_DQ992841_1_INFLUENZA_A_VIRUS_A_CHICKEN_HONG_KONG_947_2006_H5N1_HEMAGGLUTININ_HA_GENE"] = 2006;
_hyphyAssociativeArray["GI_116271324_GB_DQ992843_1_INFLUENZA_A_VIRUS_A_COMMON_MAGPIE_HONG_KONG_2125_2006_H5N1_HEMAGGLUTININ_HA_GENE"] = 2006;
_hyphyAssociativeArray["GI_116271326_GB_DQ992844_1_INFLUENZA_A_VIRUS_A_COMMON_MAGPIE_HONG_KONG_2256_2006_H5N1_HEMAGGLUTININ_HA_GENE"] = 2006;
_hyphyAssociativeArray["GI_116271338_GB_DQ992850_1_INFLUENZA_A_VIRUS_A_COMMON_MAGPIE_HONG_KONG_3033_2006_H5N1_HEMAGGLUTININ_HA_GENE"] = 2006;
_hyphyAssociativeArray["GI_116271316_GB_DQ992839_1_INFLUENZA_A_VIRUS_A_COMMON_MAGPIE_HONG_KONG_645_2006_H5N1_HEMAGGLUTININ_HA_GENE"] = 2006;
_hyphyAssociativeArray["GI_116271314_GB_DQ992838_1_INFLUENZA_A_VIRUS_A_CRESTED_MYNA_HONG_KONG_540_2006_H5N1_HEMAGGLUTININ_HA_GENE"] = 2006;
_hyphyAssociativeArray["GI_116271332_GB_DQ992847_1_INFLUENZA_A_VIRUS_A_LARGE_BILLED_CROW_HONG_KONG_2512_2006_H5N1_HEMAGGLUTININ_HA_GENE"] = 2006;
_hyphyAssociativeArray["GI_116271318_GB_DQ992840_1_INFLUENZA_A_VIRUS_A_LITTLE_EGRET_HONG_KONG_718_2006_H5N1_HEMAGGLUTININ_HA_GENE"] = 2006;
_hyphyAssociativeArray["GI_116271328_GB_DQ992845_1_INFLUENZA_A_VIRUS_A_MUNIA_HONG_KONG_2454_2006_H5N1_HEMAGGLUTININ_HA_GENE"] = 2006;
_hyphyAssociativeArray["GI_116271330_GB_DQ992846_1_INFLUENZA_A_VIRUS_A_WHITE_BACKED_MUNIA_HONG_KONG_2469_2006_H5N1_HEMAGGLUTININ_HA_GENE"] = 2006;
_hyphyAssociativeArray["GI_50296026_GB_AY651321_1_INFLUENZA_A_VIRUS_A_CK_INDONESIA_BL_2003_H5N1_HEMAGGLUTININ_HA_GENE"] = 2003;
_hyphyAssociativeArray["GI_50296024_GB_AY651320_1_INFLUENZA_A_VIRUS_A_CK_INDONESIA_PA_2003_H5N1_HEMAGGLUTININ_HA_GENE"] = 2003;
_hyphyAssociativeArray["GI_50296028_GB_AY651322_1_INFLUENZA_A_VIRUS_A_DK_INDONESIA_MS_2004_H5N1_HEMAGGLUTININ_HA_GENE"] = 2004;
_hyphyAssociativeArray["GI_93008282_GB_DQ497667_1_INFLUENZA_A_VIRUS_A_CHICKEN_DAIRI_BPPVI_2005_H5N1_HEMAGGLUTININ_HA_GENE"] = 2005;
_hyphyAssociativeArray["GI_93008284_GB_DQ497668_1_INFLUENZA_A_VIRUS_A_CHICKEN_DELI_SERDANG_BPPVI_2005_H5N1_HEMAGGLUTININ_HA_GENE"] = 2005;
_hyphyAssociativeArray["GI_93008250_GB_DQ497651_1_INFLUENZA_A_VIRUS_A_CHICKEN_GUNUNG_KIDAL_BBVW_2005_H5N1_HEMAGGLUTININ_HA_GENE"] = 2005;
_hyphyAssociativeArray["GI_93008234_GB_DQ497643_1_INFLUENZA_A_VIRUS_A_CHICKEN_MAGETAN_BBVW_2005_H5N1_HEMAGGLUTININ_HA_GENE"] = 2005;
_hyphyAssociativeArray["GI_93008244_GB_DQ497648_1_INFLUENZA_A_VIRUS_A_CHICKEN_PURWOREJO_BBVW_2005_H5N1_HEMAGGLUTININ_HA_GENE"] = 2005;
_hyphyAssociativeArray["GI_93008278_GB_DQ497665_1_INFLUENZA_A_VIRUS_A_CHICKEN_SIMALANGGANG_BPPVI_2005_H5N1_HEMAGGLUTININ_HA_GENE"] = 2005;
_hyphyAssociativeArray["GI_93008286_GB_DQ497669_1_INFLUENZA_A_VIRUS_A_CHICKEN_TARUTUNG_BPPVI_2005_H5N1_HEMAGGLUTININ_HA_GENE"] = 2005;
_hyphyAssociativeArray["GI_93008280_GB_DQ497666_1_INFLUENZA_A_VIRUS_A_CHICKEN_TEBING_TINGGI_BPPVI_2005_H5N1_HEMAGGLUTININ_HA_GENE"] = 2005;
_hyphyAssociativeArray["GI_93008266_GB_DQ497659_1_INFLUENZA_A_VIRUS_A_DUCK_PAREPARE_BBVM_2005_H5N1_HEMAGGLUTININ_HA_GENE"] = 2005;
_hyphyAssociativeArray["GI_71000185_DBJ_AB212280_1_INFLUENZA_A_VIRUS_A_DUCK_YOKOHAMA_AQ10_2003_H5N1_HA_GENE_FOR_HEMAGGLUTININ"] = 2003;
_hyphyAssociativeArray["GI_58531138_DBJ_AB188824_1_INFLUENZA_A_VIRUS_A_CHICKEN_KYOTO_3_2004_H5N1_HA_GENE_FOR_HEMAGGLUTININ"] = 2004;
_hyphyAssociativeArray["GI_58531120_DBJ_AB188816_1_INFLUENZA_A_VIRUS_A_CHICKEN_OITA_8_2004_H5N1_HA_GENE_FOR_HEMAGGLUTININ"] = 2004;
_hyphyAssociativeArray["GI_58531088_DBJ_AB166862_1_INFLUENZA_A_VIRUS_A_CHICKEN_YAMAGUCHI_7_2004_H5N1_HA_GENE_FOR_HEMAGGLUTININ"] = 2004;
_hyphyAssociativeArray["GI_58531156_DBJ_AB189053_1_INFLUENZA_A_VIRUS_A_CROW_KYOTO_53_2004_H5N1_HA_GENE_FOR_HEMAGGLUTININ"] = 2004;
_hyphyAssociativeArray["GI_58531174_DBJ_AB189061_1_INFLUENZA_A_VIRUS_A_CROW_OSAKA_102_2004_H5N1_HA_GENE_FOR_HEMAGGLUTININ"] = 2004;
_hyphyAssociativeArray["GI_115608011_GB_CY016779_1_INFLUENZA_A_VIRUS_A_CYGNUS_CYGNUS_IRAN_754_2006_H5N1_SEGMENT_4"] = 2006;
_hyphyAssociativeArray["GI_47834879_GB_AY575875_1_INFLUENZA_A_VIRUS_A_CK_HK_31_4_02_H5N1_HEMAGGLUTININ_HA_GENE"] = 2002;
_hyphyAssociativeArray["GI_113494600_GB_CY014185_1_INFLUENZA_A_VIRUS_A_CHICKEN_INDONESIA_CDC25_2005_H5N1_SEGMENT_4_SEQUENCE"] = 2005;
_hyphyAssociativeArray["GI_101918580_DBJ_AB259712_1_INFLUENZA_A_VIRUS_A_DUCK_HOKKAIDO_VAC_1_04_H5N1_GENOMIC_RNA"] = 2004;
_hyphyAssociativeArray["GI_109452300_DBJ_AB263192_1_INFLUENZA_A_VIRUS_A_R_DUCK_MONGOLIA_54_01_DUCK_MONGOLIA_47_01_H5N1_GENOMIC_RNA"] = 2001;
_hyphyAssociativeArray["GI_81687114_DBJ_AB233319_1_INFLUENZA_A_VIRUS_A_BAR_HEADED_GOOSE_MONGOLIA_1_05_H5N1_HA_GENE_FOR_HEMAGGLUTININ"] = 2005;
_hyphyAssociativeArray["GI_81687118_DBJ_AB233320_1_INFLUENZA_A_VIRUS_A_WHOOPER_SWAN_MONGOLIA_3_05_H5N1_HA_GENE_FOR_HEMAGGLUTININ"] = 2005;
_hyphyAssociativeArray["GI_118495726_DBJ_AB284324_1_INFLUENZA_A_VIRUS_A_COMMON_GOLDENEYE_MONGOLIA_12_2006_H5N1_HA_GENE_FOR_HAEMAGGLUTININ"] = 2006;
_hyphyAssociativeArray["GI_109809721_DBJ_AB263752_1_INFLUENZA_A_VIRUS_A_WHOOPER_SWAN_MONGOLIA_2_06_H5N1_GENOMIC_RNA"] = 2006;
_hyphyAssociativeArray["GI_54873457_GB_AY770991_1_INFLUENZA_A_VIRUS_A_CHICKEN_AYUTTHAYA_THAILAND_CU_23_04_H5N1_HEMAGGLUTININ_GENE"] = 2004;
_hyphyAssociativeArray["GI_48431281_GB_AY590568_2_INFLUENZA_A_VIRUS_A_CHICKEN_NAKORN_PATOM_THAILAND_CU_K2_2004_H5N1_HEMAGGLUTININ_GENE"] = 2004;
_hyphyAssociativeArray["GI_126568051_GB_AY553802_2_INFLUENZA_A_VIRUS_A_LITTLE_GREBE_THAILAND_PHICHIT_01_2004_H5N1_HEMAGGLUTININ_HA_GENE"] = 2004;
_hyphyAssociativeArray["GI_119368922_GB_DQ989961_1_INFLUENZA_A_VIRUS_A_OPEN_BILLED_STORK_NAKHONSAWAN_BBD0104F_2004_H5N1_HEMAGGLUTININ_HA_GENE"] = 2004;
_hyphyAssociativeArray["GI_119368941_GB_DQ989969_1_INFLUENZA_A_VIRUS_A_OPEN_BILLED_STORK_NAKHONSAWAN_BBD0404F_2004_H5N1_HEMAGGLUTININ_HA_GENE"] = 2004;
_hyphyAssociativeArray["GI_119368964_GB_DQ989979_1_INFLUENZA_A_VIRUS_A_OPEN_BILLED_STORK_SUPHANBURI_TSD0912F_2004_H5N1_HEMAGGLUTININ_HA_GENE"] = 2004;
_hyphyAssociativeArray["GI_119369021_GB_DQ990003_1_INFLUENZA_A_VIRUS_A_OPEN_BILLED_STORK_NAKHONSAWAN_BBA3011M_2005_H5N1_HEMAGGLUTININ_HA_GENE"] = 2005;
_hyphyAssociativeArray["GI_119368983_GB_DQ989987_1_INFLUENZA_A_VIRUS_A_OPEN_BILLED_STORK_NAKHONSAWAN_BBD1521J_2005_H5N1_HEMAGGLUTININ_HA_GENE"] = 2005;
_hyphyAssociativeArray["GI_119369002_GB_DQ989995_1_INFLUENZA_A_VIRUS_A_OPEN_BILLED_STORK_NAKHONSAWAN_BBD2616F_2005_H5N1_HEMAGGLUTININ_HA_GENE"] = 2005;
_hyphyAssociativeArray["GI_148340550_GB_EF619980_1_INFLUENZA_A_VIRUS_A_TURKEY_TURKEY_1_2005_H5N1_SEGMENT_4_HEMAGGLUTININ_HA_GENE"] = 2005;
_hyphyAssociativeArray["GI_89475499_GB_DQ407519_1_INFLUENZA_A_VIRUS_A_TURKEY_TURKEY_1_2005_H5N1_HEMAGGLUTININ_HA_GENE"] = 2005;
_hyphyAssociativeArray["GI_50296060_GB_AY651338_1_INFLUENZA_A_VIRUS_A_CK_VIET_NAM_35_2004_H5N1_HEMAGGLUTININ_HA_GENE"] = 2004;
_hyphyAssociativeArray["GI_50296062_GB_AY651339_1_INFLUENZA_A_VIRUS_A_CK_VIET_NAM_36_2004_H5N1_HEMAGGLUTININ_HA_GENE"] = 2004;
_hyphyAssociativeArray["GI_50296064_GB_AY651340_1_INFLUENZA_A_VIRUS_A_CK_VIET_NAM_37_2004_H5N1_HEMAGGLUTININ_HA_GENE"] = 2004;
_hyphyAssociativeArray["GI_50296066_GB_AY651341_1_INFLUENZA_A_VIRUS_A_CK_VIET_NAM_38_2004_H5N1_HEMAGGLUTININ_HA_GENE"] = 2004;
_hyphyAssociativeArray["GI_85062766_GB_DQ334760_1_INFLUENZA_A_VIRUS_A_CHICKEN_THAILAND_KANCHANABURI_CK_160_2005_H5N1_HEMAGGLUTININ_GENE"] = 2005;
_hyphyAssociativeArray["GI_85062782_GB_DQ334768_1_INFLUENZA_A_VIRUS_A_QUAIL_THAILAND_NAKHON_PATHOM_QA_161_2005_H5N1_HEMAGGLUTININ_GENE"] = 2005;
_hyphyAssociativeArray["GI_116664740_GB_DQ999880_1_INFLUENZA_A_VIRUS_A_CHICKEN_THAILAND_PC_168_2006_H5N1_HEMAGGLUTININ_GENE"] = 2006;
_hyphyAssociativeArray["GI_116664736_GB_DQ999887_1_INFLUENZA_A_VIRUS_A_CHICKEN_THAILAND_PC_170_2006_H5N1_HEMAGGLUTININ_GENE"] = 2006;
_hyphyAssociativeArray["GI_85062798_GB_DQ334776_1_INFLUENZA_A_VIRUS_A_CHICKEN_THAILAND_NONTABURI_CK_162_2005_H5N1_HEMAGGLUTININ_GENE"] = 2005;
_hyphyAssociativeArray["GI_50296040_GB_AY651328_1_INFLUENZA_A_VIRUS_A_CK_THAILAND_9_1_2004_H5N1_HEMAGGLUTININ_HA_GENE"] = 2004;
_hyphyAssociativeArray["GI_50296042_GB_AY651329_1_INFLUENZA_A_VIRUS_A_QA_THAILAND_57_2004_H5N1_HEMAGGLUTININ_HA_GENE"] = 2004;
_hyphyAssociativeArray["GI_50296044_GB_AY651330_1_INFLUENZA_A_VIRUS_A_BIRD_THAILAND_3_1_2004_H5N1_HEMAGGLUTININ_HA_GENE"] = 2004;
_hyphyAssociativeArray["GI_50296070_GB_AY651343_1_INFLUENZA_A_VIRUS_A_CK_VIET_NAM_C57_2004_H5N1_HEMAGGLUTININ_HA_GENE"] = 2004;
_hyphyAssociativeArray["GI_50296058_GB_AY651337_1_INFLUENZA_A_VIRUS_A_CHICKEN_VIET_NAM_33_2004_H5N1_HEMAGGLUTININ_HA_GENE"] = 2004;
_hyphyAssociativeArray["GI_72398650_GB_DQ099760_1_INFLUENZA_A_VIRUS_A_CHICKEN_VIET_NAM_LD_080_2004_H5N1_SEGMENT_4_HEMAGGLUTININ_HA_GENE"] = 2004;
_hyphyAssociativeArray["GI_72398646_GB_DQ099758_1_INFLUENZA_A_VIRUS_A_CHICKEN_VIET_NAM_TG_023_2004_H5N1_SEGMENT_4_HEMAGGLUTININ_HA_GENE"] = 2004;
_hyphyAssociativeArray["GI_72398640_GB_DQ099755_1_INFLUENZA_A_VIRUS_A_CHICKEN_VIET_NAM_TN_025_2004_H5N1_SEGMENT_4_HEMAGGLUTININ_HA_GENE"] = 2004;
_hyphyAssociativeArray["GI_58618439_GB_AY818136_1_INFLUENZA_A_VIRUS_A_CHICKEN_VIETNAM_C58_04_H5N1_HEMAGGLUTININ_HA_GENE"] = 2004;
_hyphyAssociativeArray["GI_58618441_GB_AY818137_1_INFLUENZA_A_VIRUS_A_QUAIL_VIETNAM_36_04_H5N1_HEMAGGLUTININ_HA_GENE"] = 2004;
_hyphyAssociativeArray["GI_86753755_GB_DQ366306_1_INFLUENZA_A_VIRUS_A_DUCK_VIETNAM_1_2005_H5N1_HEMAGGLUTININ_MRNA"] = 2005;
_hyphyAssociativeArray["GI_86753759_GB_DQ366322_1_INFLUENZA_A_VIRUS_A_DUCK_VIETNAM_8_05_H5N1_HEMAGGLUTININ_MRNA"] = 2005;
_hyphyAssociativeArray["GI_86753757_GB_DQ366314_1_INFLUENZA_A_VIRUS_A_GOOSE_VIETNAM_3_05_H5N1_HEMAGGLUTININ_MRNA"] = 2005;
_hyphyAssociativeArray["GI_56548875_GB_AY676035_1_INFLUENZA_A_VIRUS_A_CHICKEN_KOREA_ES_03_H5N1_HEMAGGLUTININ_HA_GENE"] = 2003;
_hyphyAssociativeArray["GI_116664738_GB_DQ999872_1_INFLUENZA_A_VIRUS_A_CHICKEN_THAILAND_NP_172_2006_H5N1_HEMAGGLUTININ_GENE"] = 2006;
_hyphyAssociativeArray["GI_56548877_GB_AY676036_1_INFLUENZA_A_VIRUS_A_DUCK_KOREA_ESD1_03_H5N1_HEMAGGLUTININ_HA_GENE"] = 2003;
_hyphyAssociativeArray["GI_115609697_GB_CY016827_1_INFLUENZA_A_VIRUS_A_DUCK_VIET_NAM_1_2005_H5N1_SEGMENT_4"] = 2005;
_hyphyAssociativeArray["GI_115953078_GB_CY016835_1_INFLUENZA_A_VIRUS_A_CHICKEN_VIET_NAM_2_2005_H5N1_SEGMENT_4"] = 2005;
_hyphyAssociativeArray["GI_115952998_GB_CY016843_1_INFLUENZA_A_VIRUS_A_CHICKEN_VIET_NAM_6_2005_H5N1_SEGMENT_4"] = 2005;
_hyphyAssociativeArray["GI_115952885_GB_CY016851_1_INFLUENZA_A_VIRUS_A_CHICKEN_VIET_NAM_8_2005_H5N1_SEGMENT_4"] = 2005;
_hyphyAssociativeArray["GI_116070383_GB_CY017051_1_INFLUENZA_A_VIRUS_A_QUAIL_VIET_NAM_15_2005_H5N1_SEGMENT_4"] = 2005;
_hyphyAssociativeArray["GI_115952786_GB_CY016859_1_INFLUENZA_A_VIRUS_A_CHICKEN_VIET_NAM_9_2005_H5N1_SEGMENT_4"] = 2005;
_hyphyAssociativeArray["GI_115953503_GB_CY016867_1_INFLUENZA_A_VIRUS_A_CHICKEN_VIET_NAM_10_2005_H5N1_SEGMENT_4"] = 2005;
_hyphyAssociativeArray["GI_115952217_GB_CY016875_1_INFLUENZA_A_VIRUS_A_CHICKEN_VIET_NAM_11_2005_H5N1_SEGMENT_4"] = 2005;
_hyphyAssociativeArray["GI_115951804_GB_CY016883_1_INFLUENZA_A_VIRUS_A_DUCK_VIET_NAM_12_2005_H5N1_SEGMENT_4"] = 2005;
_hyphyAssociativeArray["GI_115609756_GB_CY016891_1_INFLUENZA_A_VIRUS_A_DUCK_VIET_NAM_20_2005_H5N1_SEGMENT_4"] = 2005;
_hyphyAssociativeArray["GI_116070364_GB_CY017059_1_INFLUENZA_A_VIRUS_A_CHICKEN_VIET_NAM_17_2005_H5N1_SEGMENT_4"] = 2005;
_hyphyAssociativeArray["GI_116070093_GB_CY017067_1_INFLUENZA_A_VIRUS_A_DUCK_VIET_NAM_18_2005_H5N1_SEGMENT_4"] = 2005;
_hyphyAssociativeArray["GI_117571349_GB_CY017187_1_INFLUENZA_A_VIRUS_A_DUCK_VIET_NAM_19_2005_H5N1_SEGMENT_4"] = 2005;
